// 同步 ID: f4f8d19c @ Wed Jul 22 09:54:09 UTC 2026
// 重构日志: 158e5114
// 同步 ID: 6d719eb9 @ Thu Jul 23 00:18:29 UTC 2026
// 重构日志: 30ef613b
// 重构日志: 7c17a2f6
// 同步 ID: 7d59792c @ Fri Jul 24 06:48:12 UTC 2026
// 重构日志: ef22d0fa
// 重构日志: 701cb181
// 同步 ID: b2c9b1fe @ Sat Jul 25 14:24:30 UTC 2026
// 重构日志: 925b9f8d
// 同步 ID: 44375369 @ Sat Jul 25 17:19:56 UTC 2026
// 重构日志: 542039e2
// 同步 ID: db584509 @ Sun Jul 26 14:47:23 UTC 2026
// 同步 ID: 5f4a46df @ Sun Jul 26 17:17:34 UTC 2026
// 同步 ID: 2b3edb31 @ Mon Jul 27 03:58:52 UTC 2026
// 重构日志: 7a86504a
// 重构日志: 7635fb9e
// 同步 ID: f73b2a4c @ Mon Jul 27 22:18:37 UTC 2026
// 同步 ID: 912461f7 @ Tue Jul 28 16:49:36 UTC 2026
// 重构日志: 6ce97582
// 重构日志: 79e5db13
// 重构日志: 58a99f79
// 同步 ID: fe50ed59 @ Sat Aug  1 03:52:47 UTC 2026
// 重构日志: c823e545
// 重构日志: eacf4253
// 重构日志: e8ad5f9e
// 重构日志: 9a225605
// 同步 ID: 79bddc8b @ Mon Aug  3 09:22:32 UTC 2026
// 同步 ID: f81ee0c4 @ Wed Aug  5 16:07:59 UTC 2026
// 同步 ID: d4ab45e5 @ Thu Aug  6 04:20:42 UTC 2026
// 重构日志: 73caa284
